%!Adobe-FontList 1.14
%Locale:0x409

%BeginFont
Handler:DirectoryHandler
FontType:Type1
FontName:BlackJack
FamilyName:Black Jack
StyleName:Regular
FullName:Black Jack
MenuName:Black Jack
StyleBits:0
WritingScript:Roman
OutlineFileName:C:\xampp\htdocs\phucthai\Font\blackjack.otf
DataFormat:sfntData
UsesStandardEncoding:yes
isCFF:yes
FileLength:29132
FileModTime:1557761884
WeightClass:400
WidthClass:5
AngleClass:0
%EndFont

%BeginFont
Handler:DirectoryHandler
FontType:TrueType
FontName:Lato-Italic
FamilyName:Lato
StyleName:Italic
FullName:Lato Italic
MenuName:Lato
StyleBits:1
WritingScript:Roman
OutlineFileName:C:\xampp\htdocs\phucthai\Font\Lato-Italic.ttf
DataFormat:sfntData
FileLength:83680
FileModTime:1292880926
WeightClass:400
WidthClass:5
AngleClass:1
%EndFont

%BeginFont
Handler:DirectoryHandler
FontType:TrueType
FontName:Lato-Regular
FamilyName:Lato
StyleName:Regular
FullName:Lato Regular
MenuName:Lato
StyleBits:0
WritingScript:Roman
OutlineFileName:C:\xampp\htdocs\phucthai\Font\Lato-Regular.ttf
DataFormat:sfntData
FileLength:72876
FileModTime:1292346000
WeightClass:400
WidthClass:5
AngleClass:0
%EndFont

%BeginFont
Handler:DirectoryHandler
FontType:Invalid
OutlineFileName:C:\xampp\htdocs\phucthai\Font\OFL.txt
FileModTime:1292346000
%EndFont

%BeginFont
Handler:DirectoryHandler
FontType:TrueType
FontName:Oxy-Vietnam
FamilyName:Oxy Vietnam
StyleName:Regular
FullName:Oxy Vietnam
MenuName:Oxy Vietnam
StyleBits:0
WritingScript:Roman
OutlineFileName:C:\xampp\htdocs\phucthai\Font\Oxy-Vietnam.ttf
DataFormat:sfntData
FileLength:38052
FileModTime:1557805165
WeightClass:400
WidthClass:5
AngleClass:0
%EndFont

%BeginFont
Handler:DirectoryHandler
FontType:Invalid
OutlineFileName:C:\xampp\htdocs\phucthai\Font\Typadelic License - Black Jack.txt
FileModTime:1557761884
%EndFont

